Archive member included to satisfy reference by file (symbol)

c:/users/dekoc/appdata/local/arduino15/packages/riot/tools/arm-none-eabi-gcc/7-2017q4/bin/../lib/gcc/arm-none-eabi/7.2.1/../../../../arm-none-eabi/lib/thumb/v6-m\libc_nano.a(lib_a-exit.o)
                              c:/users/dekoc/appdata/local/arduino15/packages/riot/tools/arm-none-eabi-gcc/7-2017q4/bin/../lib/gcc/arm-none-eabi/7.2.1/../../../../arm-none-eabi/lib/thumb/v6-m/crt0.o (exit)
c:/users/dekoc/appdata/local/arduino15/packages/riot/tools/arm-none-eabi-gcc/7-2017q4/bin/../lib/gcc/arm-none-eabi/7.2.1/../../../../arm-none-eabi/lib/thumb/v6-m\libc_nano.a(lib_a-impure.o)
                              c:/users/dekoc/appdata/local/arduino15/packages/riot/tools/arm-none-eabi-gcc/7-2017q4/bin/../lib/gcc/arm-none-eabi/7.2.1/../../../../arm-none-eabi/lib/thumb/v6-m\libc_nano.a(lib_a-exit.o) (_global_impure_ptr)
c:/users/dekoc/appdata/local/arduino15/packages/riot/tools/arm-none-eabi-gcc/7-2017q4/bin/../lib/gcc/arm-none-eabi/7.2.1/../../../../arm-none-eabi/lib/thumb/v6-m\libc_nano.a(lib_a-init.o)
                              c:/users/dekoc/appdata/local/arduino15/packages/riot/tools/arm-none-eabi-gcc/7-2017q4/bin/../lib/gcc/arm-none-eabi/7.2.1/../../../../arm-none-eabi/lib/thumb/v6-m/crt0.o (__libc_init_array)
c:/users/dekoc/appdata/local/arduino15/packages/riot/tools/arm-none-eabi-gcc/7-2017q4/bin/../lib/gcc/arm-none-eabi/7.2.1/../../../../arm-none-eabi/lib/thumb/v6-m\libc_nano.a(lib_a-memcpy-stub.o)
                              build/board_driver_usb.o (memcpy)
c:/users/dekoc/appdata/local/arduino15/packages/riot/tools/arm-none-eabi-gcc/7-2017q4/bin/../lib/gcc/arm-none-eabi/7.2.1/../../../../arm-none-eabi/lib/thumb/v6-m\libc_nano.a(lib_a-memset.o)
                              c:/users/dekoc/appdata/local/arduino15/packages/riot/tools/arm-none-eabi-gcc/7-2017q4/bin/../lib/gcc/arm-none-eabi/7.2.1/../../../../arm-none-eabi/lib/thumb/v6-m/crt0.o (memset)
c:/users/dekoc/appdata/local/arduino15/packages/riot/tools/arm-none-eabi-gcc/7-2017q4/bin/../lib/gcc/arm-none-eabi/7.2.1/../../../../arm-none-eabi/lib/thumb/v6-m\libc_nano.a(lib_a-strlen.o)
                              build/sam_ba_usb.o (strlen)
c:/users/dekoc/appdata/local/arduino15/packages/riot/tools/arm-none-eabi-gcc/7-2017q4/bin/../lib/gcc/arm-none-eabi/7.2.1/../../../../arm-none-eabi/lib/thumb/v6-m\libnosys.a(_exit.o)
                              c:/users/dekoc/appdata/local/arduino15/packages/riot/tools/arm-none-eabi-gcc/7-2017q4/bin/../lib/gcc/arm-none-eabi/7.2.1/../../../../arm-none-eabi/lib/thumb/v6-m\libc_nano.a(lib_a-exit.o) (_exit)

Allocating common symbols
Common symbol       size              file

b_sharp_received    0x1               build/sam_ba_serial.o
udd_ep_out_cache_buffer
                    0x80              build/board_driver_usb.o
j                   0x1               build/sam_ba_monitor.o
udd_ep_in_cache_buffer
                    0x80              build/board_driver_usb.o
idx_rx_write        0x1               build/sam_ba_serial.o
size_of_data        0x2               build/sam_ba_serial.o
length              0x4               build/sam_ba_monitor.o
ptr                 0x4               build/sam_ba_monitor.o
command             0x1               build/sam_ba_monitor.o
pulSketch_Start_Address
                    0x4               build/main.o
MAX_FLASH           0x4               build/sam_ba_monitor.o
PAGES               0x4               build/sam_ba_monitor.o
idx_tx_read         0x1               build/sam_ba_serial.o
i                   0x4               build/sam_ba_monitor.o
buffer_tx_usart     0x80              build/sam_ba_serial.o
sam_ba_cdc          0xc               build/sam_ba_usb.o
error_timeout       0x1               build/sam_ba_serial.o
usb_endpoint_table  0x80              build/board_driver_usb.o
PAGE_SIZE           0x4               build/sam_ba_monitor.o
data                0x40              build/sam_ba_monitor.o
mode_of_transfer    0x1               build/sam_ba_serial.o
ptr_data            0x4               build/sam_ba_monitor.o
idx_rx_read         0x1               build/sam_ba_serial.o
ptr_monitor_if      0x4               build/sam_ba_monitor.o
sp                  0x4               build/sam_ba_monitor.o
current_number      0x4               build/sam_ba_monitor.o
idx_tx_write        0x1               build/sam_ba_serial.o
u32tmp              0x4               build/sam_ba_monitor.o
buffer_rx_usart     0x80              build/sam_ba_serial.o

Discarded input sections

 .text          0x00000000        0x0 c:/users/dekoc/appdata/local/arduino15/packages/riot/tools/arm-none-eabi-gcc/7-2017q4/bin/../lib/gcc/arm-none-eabi/7.2.1/thumb/v6-m/crti.o
 .data          0x00000000        0x0 c:/users/dekoc/appdata/local/arduino15/packages/riot/tools/arm-none-eabi-gcc/7-2017q4/bin/../lib/gcc/arm-none-eabi/7.2.1/thumb/v6-m/crti.o
[...]
Memory Configuration

Name             Origin             Length             Attributes
FLASH            0x00000000         0x00002000         xr
RAM              0x20000000         0x00007ffc         xrw
*default*        0x00000000         0xffffffff

Linker script and memory map

LOAD c:/users/dekoc/appdata/local/arduino15/packages/riot/tools/arm-none-eabi-gcc/7-2017q4/bin/../lib/gcc/arm-none-eabi/7.2.1/thumb/v6-m/crti.o
LOAD c:/users/dekoc/appdata/local/arduino15/packages/riot/tools/arm-none-eabi-gcc/7-2017q4/bin/../lib/gcc/arm-none-eabi/7.2.1/thumb/v6-m/crtbegin.o
LOAD c:/users/dekoc/appdata/local/arduino15/packages/riot/tools/arm-none-eabi-gcc/7-2017q4/bin/../lib/gcc/arm-none-eabi/7.2.1/../../../../arm-none-eabi/lib/thumb/v6-m/crt0.o
START GROUP
LOAD build/board_driver_i2c.o
LOAD build/board_driver_led.o
LOAD build/board_driver_pmic.o
LOAD build/board_driver_jtag.o
LOAD build/board_driver_serial.o
LOAD build/board_driver_usb.o
LOAD build/board_init.o
LOAD build/board_startup.o
LOAD build/main.o
LOAD build/sam_ba_usb.o
LOAD build/sam_ba_cdc.o
LOAD build/sam_ba_monitor.o
LOAD build/sam_ba_serial.o
LOAD c:/users/dekoc/appdata/local/arduino15/packages/riot/tools/arm-none-eabi-gcc/7-2017q4/bin/../lib/gcc/arm-none-eabi/7.2.1/../../../../arm-none-eabi/lib/thumb/v6-m\libm.a
END GROUP
START GROUP
LOAD c:/users/dekoc/appdata/local/arduino15/packages/riot/tools/arm-none-eabi-gcc/7-2017q4/bin/../lib/gcc/arm-none-eabi/7.2.1/thumb/v6-m\libgcc.a
LOAD c:/users/dekoc/appdata/local/arduino15/packages/riot/tools/arm-none-eabi-gcc/7-2017q4/bin/../lib/gcc/arm-none-eabi/7.2.1/../../../../arm-none-eabi/lib/thumb/v6-m\libc_nano.a
END GROUP
START GROUP
LOAD c:/users/dekoc/appdata/local/arduino15/packages/riot/tools/arm-none-eabi-gcc/7-2017q4/bin/../lib/gcc/arm-none-eabi/7.2.1/thumb/v6-m\libgcc.a
LOAD c:/users/dekoc/appdata/local/arduino15/packages/riot/tools/arm-none-eabi-gcc/7-2017q4/bin/../lib/gcc/arm-none-eabi/7.2.1/../../../../arm-none-eabi/lib/thumb/v6-m\libc_nano.a
LOAD c:/users/dekoc/appdata/local/arduino15/packages/riot/tools/arm-none-eabi-gcc/7-2017q4/bin/../lib/gcc/arm-none-eabi/7.2.1/../../../../arm-none-eabi/lib/thumb/v6-m\libnosys.a
END GROUP
START GROUP
LOAD c:/users/dekoc/appdata/local/arduino15/packages/riot/tools/arm-none-eabi-gcc/7-2017q4/bin/../lib/gcc/arm-none-eabi/7.2.1/thumb/v6-m\libgcc.a
LOAD c:/users/dekoc/appdata/local/arduino15/packages/riot/tools/arm-none-eabi-gcc/7-2017q4/bin/../lib/gcc/arm-none-eabi/7.2.1/../../../../arm-none-eabi/lib/thumb/v6-m\libc_nano.a
LOAD c:/users/dekoc/appdata/local/arduino15/packages/riot/tools/arm-none-eabi-gcc/7-2017q4/bin/../lib/gcc/arm-none-eabi/7.2.1/../../../../arm-none-eabi/lib/thumb/v6-m\libnosys.a
END GROUP
LOAD c:/users/dekoc/appdata/local/arduino15/packages/riot/tools/arm-none-eabi-gcc/7-2017q4/bin/../lib/gcc/arm-none-eabi/7.2.1/thumb/v6-m/crtend.o
LOAD c:/users/dekoc/appdata/local/arduino15/packages/riot/tools/arm-none-eabi-gcc/7-2017q4/bin/../lib/gcc/arm-none-eabi/7.2.1/thumb/v6-m/crtn.o
                0x00000000                . = ORIGIN (FLASH)

.vectors        0x00000000       0x40
 *(.isr_vector)
 .isr_vector    0x00000000       0x40 build/board_startup.o
                0x00000000                exception_table

.text           0x00000040     0x1c54
 *(.text*)
 .text          0x00000040       0x48 c:/users/dekoc/appdata/local/arduino15/packages/riot/tools/arm-none-eabi-gcc/7-2017q4/bin/../lib/gcc/arm-none-eabi/7.2.1/thumb/v6-m/crtbegin.o
 .text.LED_pulse
                0x00000088       0x64 build/board_driver_led.o
                0x00000088                LED_pulse
 .text.uart_basic_init
                0x000000ec       0x30 build/board_driver_serial.o
                0x000000ec                uart_basic_init
 .text.uart_write_byte
                0x0000011c        0xc build/board_driver_serial.o
                0x0000011c                uart_write_byte
 .text.uart_read_byte
                0x00000128       0x28 build/board_driver_serial.o
                0x00000128                uart_read_byte
 .text.USB_IsConfigured
                0x00000150       0x90 build/board_driver_usb.o
                0x00000150                USB_IsConfigured
 .text.USB_Open
                0x000001e0       0x1c build/board_driver_usb.o
                0x000001e0                USB_Open
 .text.USB_Init
                0x000001fc       0xd0 build/board_driver_usb.o
                0x000001fc                USB_Init
 .text.USB_Write
                0x000002cc       0xa4 build/board_driver_usb.o
                0x000002cc                USB_Write
 .text.USB_Read
                0x00000370       0x88 build/board_driver_usb.o
                0x00000370                USB_Read
 .text.USB_SendStall
                0x000003f8       0x20 build/board_driver_usb.o
                0x000003f8                USB_SendStall
 .text.USB_SendZlp
                0x00000418       0x30 build/board_driver_usb.o
                0x00000418                USB_SendZlp
 .text.USB_SetAddress
                0x00000448        0xc build/board_driver_usb.o
                0x00000448                USB_SetAddress
 .text.USB_Configure
                0x00000454       0x68 build/board_driver_usb.o
                0x00000454                USB_Configure
 .text.gclk_gen_sync
                0x000004bc       0x1c build/board_init.o
 .text.board_init
                0x000004d8      0x248 build/board_init.o
                0x000004d8                board_init
 .text.NonMaskableInt_Handler
                0x00000720        0x4 build/board_startup.o
                0x00000720                NonMaskableInt_Handler
 .text.HardFault_Handler
                0x00000724        0x4 build/board_startup.o
                0x00000724                HardFault_Handler
 .text.SVCall_Handler
                0x00000728        0x4 build/board_startup.o
                0x00000728                SVCall_Handler
 .text.PendSV_Handler
                0x0000072c        0x4 build/board_startup.o
                0x0000072c                PendSV_Handler
 .text.Reset_Handler
                0x00000730       0x74 build/board_startup.o
                0x00000730                Reset_Handler
 .text.main     0x000007a4      0x104 build/main.o
                0x000007a4                main
 .text.SysTick_Handler
                0x000008a8        0xc build/main.o
                0x000008a8                SysTick_Handler
 .text.usb_init
                0x000008b4       0x20 build/sam_ba_usb.o
                0x000008b4                usb_init
 .text.USB_SendString
                0x000008d4       0x5c build/sam_ba_usb.o
                0x000008d4                USB_SendString
 .text.sam_ba_usb_CDC_Enumerate
                0x00000930      0x474 build/sam_ba_usb.o
                0x00000930                sam_ba_usb_CDC_Enumerate
 .text.cdc_putc
                0x00000da4       0x20 build/sam_ba_cdc.o
                0x00000da4                cdc_putc
 .text.cdc_getc
                0x00000dc4       0x20 build/sam_ba_cdc.o
                0x00000dc4                cdc_getc
 .text.cdc_is_rx_ready
                0x00000de4       0x24 build/sam_ba_cdc.o
                0x00000de4                cdc_is_rx_ready
 .text.cdc_write_buf
                0x00000e08       0x1c build/sam_ba_cdc.o
                0x00000e08                cdc_write_buf
 .text.cdc_read_buf
                0x00000e24       0x2c build/sam_ba_cdc.o
                0x00000e24                cdc_read_buf
 .text.cdc_read_buf_xmd
                0x00000e50       0x38 build/sam_ba_cdc.o
                0x00000e50                cdc_read_buf_xmd
 .text.sam_ba_putdata
                0x00000e88       0x18 build/sam_ba_monitor.o
 .text.sam_ba_monitor_init
                0x00000ea0       0x30 build/sam_ba_monitor.o
                0x00000ea0                sam_ba_monitor_init
 .text.sam_ba_putdata_term
                0x00000ed0       0x94 build/sam_ba_monitor.o
                0x00000ed0                sam_ba_putdata_term
 .text.call_applet
                0x00000f64       0x1c build/sam_ba_monitor.o
                0x00000f64                call_applet
 .text.sam_ba_monitor_sys_tick
                0x00000f80       0x34 build/sam_ba_monitor.o
                0x00000f80                sam_ba_monitor_sys_tick
 .text.sam_ba_monitor_run
                0x00000fb4      0x5a0 build/sam_ba_monitor.o
                0x00000fb4                sam_ba_monitor_run
 .text.serial_open
                0x00001554       0xa8 build/sam_ba_serial.o
                0x00001554                serial_open
 .text.serial_putc
                0x000015fc       0x10 build/sam_ba_serial.o
                0x000015fc                serial_putc
 .text.serial_is_rx_ready
                0x0000160c        0xc build/sam_ba_serial.o
                0x0000160c                serial_is_rx_ready
 .text.serial_getc
                0x00001618       0x14 build/sam_ba_serial.o
                0x00001618                serial_getc
 .text.serial_sharp_received
                0x0000162c       0x1c build/sam_ba_serial.o
                0x0000162c                serial_sharp_received
 .text.serial_putdata
                0x00001648       0x1a build/sam_ba_serial.o
                0x00001648                serial_putdata
 .text.serial_getdata
                0x00001662        0xe build/sam_ba_serial.o
                0x00001662                serial_getdata
 .text.serial_add_crc
                0x00001670       0x18 build/sam_ba_serial.o
                0x00001670                serial_add_crc
 .text.serial_putdata_xmd
                0x00001688      0x150 build/sam_ba_serial.o
                0x00001688                serial_putdata_xmd
 .text.getbytes
                0x000017d8       0x88 build/sam_ba_serial.o
 .text.serial_getdata_xmd
                0x00001860      0x110 build/sam_ba_serial.o
                0x00001860                serial_getdata_xmd
 .text.memcpy   0x00001970       0x12 c:/users/dekoc/appdata/local/arduino15/packages/riot/tools/arm-none-eabi-gcc/7-2017q4/bin/../lib/gcc/arm-none-eabi/7.2.1/../../../../arm-none-eabi/lib/thumb/v6-m\libc_nano.a(lib_a-memcpy-stub.o)
                0x00001970                memcpy
 .text.memset   0x00001982       0x10 c:/users/dekoc/appdata/local/arduino15/packages/riot/tools/arm-none-eabi-gcc/7-2017q4/bin/../lib/gcc/arm-none-eabi/7.2.1/../../../../arm-none-eabi/lib/thumb/v6-m\libc_nano.a(lib_a-memset.o)
                0x00001982                memset
 .text          0x00001992        0xe c:/users/dekoc/appdata/local/arduino15/packages/riot/tools/arm-none-eabi-gcc/7-2017q4/bin/../lib/gcc/arm-none-eabi/7.2.1/../../../../arm-none-eabi/lib/thumb/v6-m\libc_nano.a(lib_a-strlen.o)
                0x00001992                strlen
 *(.init)
 .init          0x000019a0        0x4 c:/users/dekoc/appdata/local/arduino15/packages/riot/tools/arm-none-eabi-gcc/7-2017q4/bin/../lib/gcc/arm-none-eabi/7.2.1/thumb/v6-m/crti.o
                0x000019a0                _init
 .init          0x000019a4        0x8 c:/users/dekoc/appdata/local/arduino15/packages/riot/tools/arm-none-eabi-gcc/7-2017q4/bin/../lib/gcc/arm-none-eabi/7.2.1/thumb/v6-m/crtn.o
 *(.fini)
 .fini          0x000019ac        0x4 c:/users/dekoc/appdata/local/arduino15/packages/riot/tools/arm-none-eabi-gcc/7-2017q4/bin/../lib/gcc/arm-none-eabi/7.2.1/thumb/v6-m/crti.o
                0x000019ac                _fini
 .fini          0x000019b0        0x8 c:/users/dekoc/appdata/local/arduino15/packages/riot/tools/arm-none-eabi-gcc/7-2017q4/bin/../lib/gcc/arm-none-eabi/7.2.1/thumb/v6-m/crtn.o
 *crtbegin.o(.ctors)
 *crtbegin?.o(.ctors)
 *(EXCLUDE_FILE(*crtend.o *crtend?.o) .ctors)
 *(SORT_BY_NAME(.ctors.*))
 *(.ctors)
 *crtbegin.o(.dtors)
 *crtbegin?.o(.dtors)
 *(EXCLUDE_FILE(*crtend.o *crtend?.o) .dtors)
 *(SORT_BY_NAME(.dtors.*))
 *(.dtors)
 *(.rodata*)
 .rodata        0x000019b8        0x4 build/sam_ba_usb.o
 .rodata.devDescriptor
                0x000019bc       0x12 build/sam_ba_usb.o
 *fill*         0x000019ce        0x2 
 .rodata.sam_ba_usb_CDC_Enumerate.str1.4
                0x000019d0       0x19 build/sam_ba_usb.o
 *fill*         0x000019e9        0x3 
 .rodata        0x000019ec       0x20 build/sam_ba_monitor.o
 .rodata.RomBOOT_ExtendedCapabilities
                0x00001a0c        0xe build/sam_ba_monitor.o
                0x00001a0c                RomBOOT_ExtendedCapabilities
 *fill*         0x00001a1a        0x2 
 .rodata.RomBOOT_Version
                0x00001a1c        0x4 build/sam_ba_monitor.o
                0x00001a1c                RomBOOT_Version
 .rodata.sam_ba_monitor_run.str1.4
                0x00001a20       0x38 build/sam_ba_monitor.o
                                 0x36 (size before relaxing)
 .rodata.uart_if
                0x00001a58       0x1c build/sam_ba_monitor.o
                0x00001a58                uart_if
 .rodata.usbcdc_if
                0x00001a74       0x1c build/sam_ba_monitor.o
                0x00001a74                usbcdc_if
 .rodata.crc16Table
                0x00001a90      0x200 build/sam_ba_serial.o
 *(.eh_frame*)
 .eh_frame      0x00001c90        0x0 c:/users/dekoc/appdata/local/arduino15/packages/riot/tools/arm-none-eabi-gcc/7-2017q4/bin/../lib/gcc/arm-none-eabi/7.2.1/thumb/v6-m/crtbegin.o
 .eh_frame      0x00001c90        0x4 c:/users/dekoc/appdata/local/arduino15/packages/riot/tools/arm-none-eabi-gcc/7-2017q4/bin/../lib/gcc/arm-none-eabi/7.2.1/thumb/v6-m/crtend.o

.glue_7         0x00001c94        0x0
 .glue_7        0x00001c94        0x0 linker stubs

.glue_7t        0x00001c94        0x0
 .glue_7t       0x00001c94        0x0 linker stubs

.vfp11_veneer   0x00001c94        0x0
 .vfp11_veneer  0x00001c94        0x0 linker stubs

.v4_bx          0x00001c94        0x0
 .v4_bx         0x00001c94        0x0 linker stubs

.iplt           0x00001c94        0x0
 .iplt          0x00001c94        0x0 c:/users/dekoc/appdata/local/arduino15/packages/riot/tools/arm-none-eabi-gcc/7-2017q4/bin/../lib/gcc/arm-none-eabi/7.2.1/thumb/v6-m/crtbegin.o

.rel.dyn        0x00001c94        0x0
 .rel.iplt      0x00001c94        0x0 c:/users/dekoc/appdata/local/arduino15/packages/riot/tools/arm-none-eabi-gcc/7-2017q4/bin/../lib/gcc/arm-none-eabi/7.2.1/thumb/v6-m/crtbegin.o

.ARM.extab
 *(.ARM.extab* .gnu.linkonce.armextab.*)
                0x00001c94                __exidx_start = .

.ARM.exidx
 *(.ARM.exidx* .gnu.linkonce.armexidx.*)
                0x00001c94                __exidx_end = .
                0x00001c94                __etext = .
                0x00002000                PROVIDE (__sketch_vectors_ptr, (ORIGIN (FLASH) + LENGTH (FLASH)))

.data           0x20000000       0x58 load address 0x00001c94
                0x20000000                __data_start__ = .
 *(vtable)
 *(.data*)
 .data.ledDirection
                0x20000000        0x1 build/board_driver_led.o
                0x20000000                ledDirection
 .data.ledTargetValue
                0x20000001        0x1 build/board_driver_led.o
                0x20000001                ledTargetValue
 *fill*         0x20000002        0x2 
 .data.cfgDescriptor
                0x20000004       0x43 build/sam_ba_usb.o
 *fill*         0x20000047        0x1 
 .data.line_coding
                0x20000048        0x8 build/sam_ba_cdc.o
                0x20000048                line_coding
                0x20000050                . = ALIGN (0x4)
                0x20000050                PROVIDE (__preinit_array_start, .)
 *(.preinit_array)
                0x20000050                PROVIDE (__preinit_array_end, .)
                0x20000050                . = ALIGN (0x4)
                0x20000050                PROVIDE (__init_array_start, .)
 *(SORT_BY_NAME(.init_array.*))
 *(.init_array)
 .init_array    0x20000050        0x4 c:/users/dekoc/appdata/local/arduino15/packages/riot/tools/arm-none-eabi-gcc/7-2017q4/bin/../lib/gcc/arm-none-eabi/7.2.1/thumb/v6-m/crtbegin.o
                0x20000054                PROVIDE (__init_array_end, .)
                0x20000054                . = ALIGN (0x4)
                [!provide]                PROVIDE (__fini_array_start, .)
 *(SORT_BY_NAME(.fini_array.*))
 *(.fini_array)
 .fini_array    0x20000054        0x4 c:/users/dekoc/appdata/local/arduino15/packages/riot/tools/arm-none-eabi-gcc/7-2017q4/bin/../lib/gcc/arm-none-eabi/7.2.1/thumb/v6-m/crtbegin.o
                [!provide]                PROVIDE (__fini_array_end, .)
 *(.jcr*)
                0x20000058                . = ALIGN (0x4)
                0x20000058                __data_end__ = .

.igot.plt       0x20000058        0x0 load address 0x00001cec
 .igot.plt      0x20000058        0x0 c:/users/dekoc/appdata/local/arduino15/packages/riot/tools/arm-none-eabi-gcc/7-2017q4/bin/../lib/gcc/arm-none-eabi/7.2.1/thumb/v6-m/crtbegin.o

.bss            0x20000058      0x348 load address 0x00001cec
                0x20000058                . = ALIGN (0x4)
                0x20000058                __bss_start__ = .
 *(.bss*)
 .bss           0x20000058       0x1c c:/users/dekoc/appdata/local/arduino15/packages/riot/tools/arm-none-eabi-gcc/7-2017q4/bin/../lib/gcc/arm-none-eabi/7.2.1/thumb/v6-m/crtbegin.o
 .bss.ledKeepValue
                0x20000074        0x1 build/board_driver_led.o
                0x20000074                ledKeepValue
 .bss.uart_drv_error_flag
                0x20000075        0x1 build/board_driver_serial.o
                0x20000075                uart_drv_error_flag
 .bss.read_job  0x20000076        0x1 build/board_driver_usb.o
 .bss.main_b_cdc_enable
                0x20000077        0x1 build/main.o
 .bss.bRequest.11355
                0x20000078        0x1 build/sam_ba_usb.o
 .bss.bmRequestType.11354
                0x20000079        0x1 build/sam_ba_usb.o
 .bss.dir.11356
                0x2000007a        0x1 build/sam_ba_usb.o
 *fill*         0x2000007b        0x1 
 .bss.wIndex.11358
                0x2000007c        0x2 build/sam_ba_usb.o
 .bss.wLength.11359
                0x2000007e        0x2 build/sam_ba_usb.o
 .bss.wStatus.11360
                0x20000080        0x2 build/sam_ba_usb.o
 .bss.wValue.11357
                0x20000082        0x2 build/sam_ba_usb.o
 .bss.b_sam_ba_interface_usart
                0x20000084        0x1 build/sam_ba_monitor.o
                0x20000084                b_sam_ba_interface_usart
 .bss.b_terminal_mode
                0x20000085        0x1 build/sam_ba_monitor.o
                0x20000085                b_terminal_mode
 .bss.rxLEDPulse
                0x20000086        0x2 build/sam_ba_monitor.o
                0x20000086                rxLEDPulse
 .bss.src_buff_addr.12832
                0x20000088        0x4 build/sam_ba_monitor.o
 .bss.txLEDPulse
                0x2000008c        0x2 build/sam_ba_monitor.o
                0x2000008c                txLEDPulse
 *(COMMON)
 *fill*         0x2000008e        0x2 
 COMMON         0x20000090      0x180 build/board_driver_usb.o
                0x20000090                udd_ep_out_cache_buffer
                0x20000110                udd_ep_in_cache_buffer
                0x20000190                usb_endpoint_table
 COMMON         0x20000210        0x4 build/main.o
                0x20000210                pulSketch_Start_Address
 COMMON         0x20000214        0xc build/sam_ba_usb.o
                0x20000214                sam_ba_cdc
 COMMON         0x20000220       0x74 build/sam_ba_monitor.o
                0x20000220                j
                0x20000224                length
                0x20000228                ptr
                0x2000022c                command
                0x20000230                MAX_FLASH
                0x20000234                PAGES
                0x20000238                i
                0x2000023c                PAGE_SIZE
                0x20000240                data
                0x20000280                ptr_data
                0x20000284                ptr_monitor_if
                0x20000288                sp
                0x2000028c                current_number
                0x20000290                u32tmp
 COMMON         0x20000294      0x10c build/sam_ba_serial.o
                0x20000294                b_sharp_received
                0x20000295                idx_rx_write
                0x20000296                size_of_data
                0x20000298                idx_tx_read
                0x2000029c                buffer_tx_usart
                0x2000031c                error_timeout
                0x2000031d                mode_of_transfer
                0x2000031e                idx_rx_read
                0x2000031f                idx_tx_write
                0x20000320                buffer_rx_usart
                0x200003a0                . = ALIGN (0x4)
                0x200003a0                __bss_end__ = .

.heap           0x200003a0        0x0
                0x200003a0                __end__ = .
                [!provide]                PROVIDE (end, .)
 *(.heap*)
                0x200003a0                __HeapLimit = .

.stack_dummy    0x200003a0        0x0
 *(.stack*)
                0x20007ffc                __StackTop = (ORIGIN (RAM) + LENGTH (RAM))
                0x20007ffc                __StackLimit = (__StackTop - SIZEOF (.stack_dummy))
                0x20007ffc                PROVIDE (__stack, __StackTop)
                0x20007ffb                __ram_end__ = ((ORIGIN (RAM) + LENGTH (RAM)) - 0x1)
                0x00000001                ASSERT ((__StackLimit >= __HeapLimit), region RAM overflowed with stack)
OUTPUT(build/samr34_sam_ba.elf elf32-littlearm)

.ARM.attributes
                0x00000000       0x28
 .ARM.attributes
                0x00000000       0x1e c:/users/dekoc/appdata/local/arduino15/packages/riot/tools/arm-none-eabi-gcc/7-2017q4/bin/../lib/gcc/arm-none-eabi/7.2.1/thumb/v6-m/crti.o
 .ARM.attributes
                0x0000001e       0x2c c:/users/dekoc/appdata/local/arduino15/packages/riot/tools/arm-none-eabi-gcc/7-2017q4/bin/../lib/gcc/arm-none-eabi/7.2.1/thumb/v6-m/crtbegin.o
 .ARM.attributes
                0x0000004a       0x32 build/board_driver_led.o
 .ARM.attributes
                0x0000007c       0x32 build/board_driver_serial.o
 .ARM.attributes
                0x000000ae       0x32 build/board_driver_usb.o
 .ARM.attributes
                0x000000e0       0x32 build/board_init.o
 .ARM.attributes
                0x00000112       0x32 build/board_startup.o
 .ARM.attributes
                0x00000144       0x32 build/main.o
 .ARM.attributes
                0x00000176       0x32 build/sam_ba_usb.o
 .ARM.attributes
                0x000001a8       0x32 build/sam_ba_cdc.o
 .ARM.attributes
                0x000001da       0x32 build/sam_ba_monitor.o
 .ARM.attributes
                0x0000020c       0x32 build/sam_ba_serial.o
 .ARM.attributes
                0x0000023e       0x2c c:/users/dekoc/appdata/local/arduino15/packages/riot/tools/arm-none-eabi-gcc/7-2017q4/bin/../lib/gcc/arm-none-eabi/7.2.1/../../../../arm-none-eabi/lib/thumb/v6-m\libc_nano.a(lib_a-memcpy-stub.o)
 .ARM.attributes
                0x0000026a       0x2c c:/users/dekoc/appdata/local/arduino15/packages/riot/tools/arm-none-eabi-gcc/7-2017q4/bin/../lib/gcc/arm-none-eabi/7.2.1/../../../../arm-none-eabi/lib/thumb/v6-m\libc_nano.a(lib_a-memset.o)
 .ARM.attributes
                0x00000296       0x1c c:/users/dekoc/appdata/local/arduino15/packages/riot/tools/arm-none-eabi-gcc/7-2017q4/bin/../lib/gcc/arm-none-eabi/7.2.1/../../../../arm-none-eabi/lib/thumb/v6-m\libc_nano.a(lib_a-strlen.o)
 .ARM.attributes
                0x000002b2       0x2c c:/users/dekoc/appdata/local/arduino15/packages/riot/tools/arm-none-eabi-gcc/7-2017q4/bin/../lib/gcc/arm-none-eabi/7.2.1/thumb/v6-m/crtend.o
 .ARM.attributes
                0x000002de       0x1e c:/users/dekoc/appdata/local/arduino15/packages/riot/tools/arm-none-eabi-gcc/7-2017q4/bin/../lib/gcc/arm-none-eabi/7.2.1/thumb/v6-m/crtn.o

.comment        0x00000000       0x7e
 .comment       0x00000000       0x7e build/board_driver_led.o
                                 0x7f (size before relaxing)
 .comment       0x0000007e       0x7f build/board_driver_serial.o
 .comment       0x0000007e       0x7f build/board_driver_usb.o
 .comment       0x0000007e       0x7f build/board_init.o
 .comment       0x0000007e       0x7f build/board_startup.o
 .comment       0x0000007e       0x7f build/main.o
 .comment       0x0000007e       0x7f build/sam_ba_usb.o
 .comment       0x0000007e       0x7f build/sam_ba_cdc.o
 .comment       0x0000007e       0x7f build/sam_ba_monitor.o
 .comment       0x0000007e       0x7f build/sam_ba_serial.o

.debug_info     0x00000000    0x186d3
 .debug_info    0x00000000      0x124 build/board_driver_led.o
 .debug_info    0x00000124     0x25dd build/board_driver_serial.o
 .debug_info    0x00002701     0x3d44 build/board_driver_usb.o
 .debug_info    0x00006445     0x2ab8 build/board_init.o
 .debug_info    0x00008efd      0x246 build/board_startup.o
 .debug_info    0x00009143     0x2ee7 build/main.o
 .debug_info    0x0000c02a     0x2ddb build/sam_ba_usb.o
 .debug_info    0x0000ee05     0x22c5 build/sam_ba_cdc.o
 .debug_info    0x000110ca     0x385f build/sam_ba_monitor.o
 .debug_info    0x00014929     0x3daa build/sam_ba_serial.o

.debug_abbrev   0x00000000     0x1c5f
 .debug_abbrev  0x00000000       0x8c build/board_driver_led.o
 .debug_abbrev  0x0000008c      0x29a build/board_driver_serial.o
 .debug_abbrev  0x00000326      0x34b build/board_driver_usb.o
 .debug_abbrev  0x00000671      0x1e2 build/board_init.o
 .debug_abbrev  0x00000853       0xfb build/board_startup.o
 .debug_abbrev  0x0000094e      0x3f6 build/main.o
 .debug_abbrev  0x00000d44      0x322 build/sam_ba_usb.o
 .debug_abbrev  0x00001066      0x23f build/sam_ba_cdc.o
 .debug_abbrev  0x000012a5      0x52c build/sam_ba_monitor.o
 .debug_abbrev  0x000017d1      0x48e build/sam_ba_serial.o

.debug_aranges  0x00000000      0x2a0
 .debug_aranges
                0x00000000       0x20 build/board_driver_led.o
 .debug_aranges
                0x00000020       0x48 build/board_driver_serial.o
 .debug_aranges
                0x00000068       0x68 build/board_driver_usb.o
 .debug_aranges
                0x000000d0       0x28 build/board_init.o
 .debug_aranges
                0x000000f8       0x40 build/board_startup.o
 .debug_aranges
                0x00000138       0x28 build/main.o
 .debug_aranges
                0x00000160       0x30 build/sam_ba_usb.o
 .debug_aranges
                0x00000190       0x48 build/sam_ba_cdc.o
 .debug_aranges
                0x000001d8       0x48 build/sam_ba_monitor.o
 .debug_aranges
                0x00000220       0x80 build/sam_ba_serial.o

.debug_ranges   0x00000000      0x308
 .debug_ranges  0x00000000       0x10 build/board_driver_led.o
 .debug_ranges  0x00000010       0x38 build/board_driver_serial.o
 .debug_ranges  0x00000048       0x58 build/board_driver_usb.o
 .debug_ranges  0x000000a0       0x18 build/board_init.o
 .debug_ranges  0x000000b8       0x30 build/board_startup.o
 .debug_ranges  0x000000e8       0x30 build/main.o
 .debug_ranges  0x00000118       0x20 build/sam_ba_usb.o
 .debug_ranges  0x00000138       0x38 build/sam_ba_cdc.o
 .debug_ranges  0x00000170       0xf0 build/sam_ba_monitor.o
 .debug_ranges  0x00000260       0xa8 build/sam_ba_serial.o

.debug_macro    0x00000000     0x3aae
 .debug_macro   0x00000000      0x393 build/board_driver_led.o
 .debug_macro   0x00000393       0x28 build/board_driver_led.o
 .debug_macro   0x000003bb      0x4ce build/board_driver_serial.o
 .debug_macro   0x00000889       0x52 build/board_driver_serial.o
 .debug_macro   0x000008db       0x8d build/board_driver_serial.o
 .debug_macro   0x00000968       0x16 build/board_driver_serial.o
 .debug_macro   0x0000097e       0x57 build/board_driver_serial.o
 .debug_macro   0x000009d5       0x97 build/board_driver_serial.o
 .debug_macro   0x00000a6c      0x353 build/board_driver_serial.o
 .debug_macro   0x00000dbf       0xf6 build/board_driver_serial.o
 .debug_macro   0x00000eb5       0x10 build/board_driver_serial.o
 .debug_macro   0x00000ec5       0x10 build/board_driver_serial.o
 .debug_macro   0x00000ed5       0x1c build/board_driver_serial.o
 .debug_macro   0x00000ef1       0x52 build/board_driver_serial.o
 .debug_macro   0x00000f43       0x40 build/board_driver_serial.o
 .debug_macro   0x00000f83       0x10 build/board_driver_serial.o
 .debug_macro   0x00000f93       0x40 build/board_driver_serial.o
 .debug_macro   0x00000fd3       0xd7 build/board_driver_serial.o
 .debug_macro   0x000010aa       0x1c build/board_driver_serial.o
 .debug_macro   0x000010c6       0x3d build/board_driver_serial.o
 .debug_macro   0x00001103       0x16 build/board_driver_serial.o
 .debug_macro   0x00001119      0x16f build/board_driver_serial.o
 .debug_macro   0x00001288       0xd1 build/board_driver_serial.o
 .debug_macro   0x00001359      0x488 build/board_driver_usb.o
 .debug_macro   0x000017e1       0x3f build/board_driver_usb.o
 .debug_macro   0x00001820       0xee build/board_driver_usb.o
 .debug_macro   0x0000190e       0x16 build/board_driver_usb.o
 .debug_macro   0x00001924      0x3a5 build/board_init.o
 .debug_macro   0x00001cc9      0x360 build/board_startup.o
 .debug_macro   0x00002029      0x576 build/main.o
 .debug_macro   0x0000259f       0x1c build/main.o
 .debug_macro   0x000025bb       0x46 build/main.o
 .debug_macro   0x00002601       0xf4 build/main.o
 .debug_macro   0x000026f5       0x1c build/main.o
 .debug_macro   0x00002711      0x465 build/sam_ba_usb.o
 .debug_macro   0x00002b76      0x391 build/sam_ba_cdc.o
 .debug_macro   0x00002f07      0x5b9 build/sam_ba_monitor.o
 .debug_macro   0x000034c0       0x1c build/sam_ba_monitor.o
 .debug_macro   0x000034dc       0x16 build/sam_ba_monitor.o
 .debug_macro   0x000034f2       0x16 build/sam_ba_monitor.o
 .debug_macro   0x00003508       0x29 build/sam_ba_monitor.o
 .debug_macro   0x00003531      0x4fb build/sam_ba_serial.o
 .debug_macro   0x00003a2c       0x82 build/sam_ba_serial.o

.debug_line     0x00000000     0x648e
 .debug_line    0x00000000      0x885 build/board_driver_led.o
 .debug_line    0x00000885      0xa1f build/board_driver_serial.o
 .debug_line    0x000012a4      0xa6f build/board_driver_usb.o
 .debug_line    0x00001d13      0x8ff build/board_init.o
 .debug_line    0x00002612      0x893 build/board_startup.o
 .debug_line    0x00002ea5      0xaa2 build/main.o
 .debug_line    0x00003947      0xa6d build/sam_ba_usb.o
 .debug_line    0x000043b4      0x8d3 build/sam_ba_cdc.o
 .debug_line    0x00004c87      0xc7c build/sam_ba_monitor.o
 .debug_line    0x00005903      0xb8b build/sam_ba_serial.o

.debug_str      0x00000000    0x7f328
 .debug_str     0x00000000    0x778a9 build/board_driver_led.o
                              0x77c93 (size before relaxing)
 .debug_str     0x000778a9     0x49d3 build/board_driver_serial.o
                              0x7c2ba (size before relaxing)
 .debug_str     0x0007c27c     0x14f2 build/board_driver_usb.o
                              0x7bea6 (size before relaxing)
 .debug_str     0x0007d76e      0x95a build/board_init.o
                              0x7890a (size before relaxing)
 .debug_str     0x0007e0c8      0x193 build/board_startup.o
                              0x77935 (size before relaxing)
 .debug_str     0x0007e25b      0xa0f build/main.o
                              0x7d6bc (size before relaxing)
 .debug_str     0x0007ec6a       0xfb build/sam_ba_usb.o
                              0x7bbce (size before relaxing)
 .debug_str     0x0007ed65       0x87 build/sam_ba_cdc.o
                              0x78702 (size before relaxing)
 .debug_str     0x0007edec      0x32a build/sam_ba_monitor.o
                              0x7d6e6 (size before relaxing)
 .debug_str     0x0007f116      0x212 build/sam_ba_serial.o
                              0x7ce30 (size before relaxing)

.debug_frame    0x00000000      0x604
 .debug_frame   0x00000000       0x20 build/board_driver_led.o
 .debug_frame   0x00000020       0x84 build/board_driver_serial.o
 .debug_frame   0x000000a4      0x100 build/board_driver_usb.o
 .debug_frame   0x000001a4       0x4c build/board_init.o
 .debug_frame   0x000001f0       0x68 build/board_startup.o
 .debug_frame   0x00000258       0x44 build/main.o
 .debug_frame   0x0000029c       0x68 build/sam_ba_usb.o
 .debug_frame   0x00000304       0xb4 build/sam_ba_cdc.o
 .debug_frame   0x000003b8       0xa4 build/sam_ba_monitor.o
 .debug_frame   0x0000045c      0x160 build/sam_ba_serial.o
 .debug_frame   0x000005bc       0x28 c:/users/dekoc/appdata/local/arduino15/packages/riot/tools/arm-none-eabi-gcc/7-2017q4/bin/../lib/gcc/arm-none-eabi/7.2.1/../../../../arm-none-eabi/lib/thumb/v6-m\libc_nano.a(lib_a-memcpy-stub.o)
 .debug_frame   0x000005e4       0x20 c:/users/dekoc/appdata/local/arduino15/packages/riot/tools/arm-none-eabi-gcc/7-2017q4/bin/../lib/gcc/arm-none-eabi/7.2.1/../../../../arm-none-eabi/lib/thumb/v6-m\libc_nano.a(lib_a-memset.o)

.debug_loc      0x00000000     0x169f
 .debug_loc     0x00000000      0x126 build/board_driver_serial.o
 .debug_loc     0x00000126      0x378 build/board_driver_usb.o
 .debug_loc     0x0000049e      0x109 build/board_init.o
 .debug_loc     0x000005a7       0x20 build/board_startup.o
 .debug_loc     0x000005c7       0xe2 build/main.o
 .debug_loc     0x000006a9      0x151 build/sam_ba_usb.o
 .debug_loc     0x000007fa      0x1ae build/sam_ba_cdc.o
 .debug_loc     0x000009a8      0x56e build/sam_ba_monitor.o
 .debug_loc     0x00000f16      0x789 build/sam_ba_serial.o

Cross Reference Table

Symbol                                            File
HardFault_Handler                                 build/board_startup.o
LED_pulse                                         build/board_driver_led.o
                                                  build/main.o
MAX_FLASH                                         build/sam_ba_monitor.o
NonMaskableInt_Handler                            build/board_startup.o
PAGES                                             build/sam_ba_monitor.o
PAGE_SIZE                                         build/sam_ba_monitor.o
PendSV_Handler                                    build/board_startup.o
Reset_Handler                                     build/board_startup.o
RomBOOT_ExtendedCapabilities                      build/sam_ba_monitor.o
RomBOOT_Version                                   build/sam_ba_monitor.o
SVCall_Handler                                    build/board_startup.o
SysTick_Handler                                   build/main.o
                                                  build/board_startup.o
USB_Configure                                     build/board_driver_usb.o
                                                  build/sam_ba_usb.o
USB_Init                                          build/board_driver_usb.o
                                                  build/sam_ba_usb.o
USB_IsConfigured                                  build/board_driver_usb.o
                                                  build/sam_ba_cdc.o
USB_Open                                          build/board_driver_usb.o
                                                  build/sam_ba_usb.o
USB_Read                                          build/board_driver_usb.o
                                                  build/sam_ba_cdc.o
USB_Read_blocking                                 build/board_driver_usb.o
USB_SendStall                                     build/board_driver_usb.o
                                                  build/sam_ba_usb.o
USB_SendString                                    build/sam_ba_usb.o
USB_SendZlp                                       build/board_driver_usb.o
                                                  build/sam_ba_usb.o
USB_SetAddress                                    build/board_driver_usb.o
                                                  build/sam_ba_usb.o
USB_Write                                         build/board_driver_usb.o
                                                  build/sam_ba_cdc.o
                                                  build/sam_ba_usb.o
__StackTop                                        build/board_startup.o
__bss_end__                                       build/board_startup.o
                                                  c:/users/dekoc/appdata/local/arduino15/packages/riot/tools/arm-none-eabi-gcc/7-2017q4/bin/../lib/gcc/arm-none-eabi/7.2.1/../../../../arm-none-eabi/lib/thumb/v6-m/crt0.o
__bss_start__                                     build/board_startup.o
                                                  c:/users/dekoc/appdata/local/arduino15/packages/riot/tools/arm-none-eabi-gcc/7-2017q4/bin/../lib/gcc/arm-none-eabi/7.2.1/../../../../arm-none-eabi/lib/thumb/v6-m/crt0.o
__call_exitprocs                                  c:/users/dekoc/appdata/local/arduino15/packages/riot/tools/arm-none-eabi-gcc/7-2017q4/bin/../lib/gcc/arm-none-eabi/7.2.1/../../../../arm-none-eabi/lib/thumb/v6-m\libc_nano.a(lib_a-exit.o)
__data_end__                                      build/board_startup.o
__data_start__                                    build/board_startup.o
__deregister_frame_info                           c:/users/dekoc/appdata/local/arduino15/packages/riot/tools/arm-none-eabi-gcc/7-2017q4/bin/../lib/gcc/arm-none-eabi/7.2.1/thumb/v6-m/crtbegin.o
__dso_handle                                      c:/users/dekoc/appdata/local/arduino15/packages/riot/tools/arm-none-eabi-gcc/7-2017q4/bin/../lib/gcc/arm-none-eabi/7.2.1/thumb/v6-m/crtbegin.o
__etext                                           build/board_startup.o
__init_array_end                                  c:/users/dekoc/appdata/local/arduino15/packages/riot/tools/arm-none-eabi-gcc/7-2017q4/bin/../lib/gcc/arm-none-eabi/7.2.1/../../../../arm-none-eabi/lib/thumb/v6-m\libc_nano.a(lib_a-init.o)
__init_array_start                                c:/users/dekoc/appdata/local/arduino15/packages/riot/tools/arm-none-eabi-gcc/7-2017q4/bin/../lib/gcc/arm-none-eabi/7.2.1/../../../../arm-none-eabi/lib/thumb/v6-m\libc_nano.a(lib_a-init.o)
__libc_fini_array                                 c:/users/dekoc/appdata/local/arduino15/packages/riot/tools/arm-none-eabi-gcc/7-2017q4/bin/../lib/gcc/arm-none-eabi/7.2.1/../../../../arm-none-eabi/lib/thumb/v6-m/crt0.o
__libc_init_array                                 c:/users/dekoc/appdata/local/arduino15/packages/riot/tools/arm-none-eabi-gcc/7-2017q4/bin/../lib/gcc/arm-none-eabi/7.2.1/../../../../arm-none-eabi/lib/thumb/v6-m\libc_nano.a(lib_a-init.o)
                                                  c:/users/dekoc/appdata/local/arduino15/packages/riot/tools/arm-none-eabi-gcc/7-2017q4/bin/../lib/gcc/arm-none-eabi/7.2.1/../../../../arm-none-eabi/lib/thumb/v6-m/crt0.o
__preinit_array_end                               c:/users/dekoc/appdata/local/arduino15/packages/riot/tools/arm-none-eabi-gcc/7-2017q4/bin/../lib/gcc/arm-none-eabi/7.2.1/../../../../arm-none-eabi/lib/thumb/v6-m\libc_nano.a(lib_a-init.o)
__preinit_array_start                             c:/users/dekoc/appdata/local/arduino15/packages/riot/tools/arm-none-eabi-gcc/7-2017q4/bin/../lib/gcc/arm-none-eabi/7.2.1/../../../../arm-none-eabi/lib/thumb/v6-m\libc_nano.a(lib_a-init.o)
__register_frame_info                             c:/users/dekoc/appdata/local/arduino15/packages/riot/tools/arm-none-eabi-gcc/7-2017q4/bin/../lib/gcc/arm-none-eabi/7.2.1/thumb/v6-m/crtbegin.o
__sf_fake_stderr                                  c:/users/dekoc/appdata/local/arduino15/packages/riot/tools/arm-none-eabi-gcc/7-2017q4/bin/../lib/gcc/arm-none-eabi/7.2.1/../../../../arm-none-eabi/lib/thumb/v6-m\libc_nano.a(lib_a-impure.o)
__sf_fake_stdin                                   c:/users/dekoc/appdata/local/arduino15/packages/riot/tools/arm-none-eabi-gcc/7-2017q4/bin/../lib/gcc/arm-none-eabi/7.2.1/../../../../arm-none-eabi/lib/thumb/v6-m\libc_nano.a(lib_a-impure.o)
__sf_fake_stdout                                  c:/users/dekoc/appdata/local/arduino15/packages/riot/tools/arm-none-eabi-gcc/7-2017q4/bin/../lib/gcc/arm-none-eabi/7.2.1/../../../../arm-none-eabi/lib/thumb/v6-m\libc_nano.a(lib_a-impure.o)
__sketch_vectors_ptr                              build/main.o
__stack                                           c:/users/dekoc/appdata/local/arduino15/packages/riot/tools/arm-none-eabi-gcc/7-2017q4/bin/../lib/gcc/arm-none-eabi/7.2.1/../../../../arm-none-eabi/lib/thumb/v6-m/crt0.o
_exit                                             c:/users/dekoc/appdata/local/arduino15/packages/riot/tools/arm-none-eabi-gcc/7-2017q4/bin/../lib/gcc/arm-none-eabi/7.2.1/../../../../arm-none-eabi/lib/thumb/v6-m\libnosys.a(_exit.o)
                                                  c:/users/dekoc/appdata/local/arduino15/packages/riot/tools/arm-none-eabi-gcc/7-2017q4/bin/../lib/gcc/arm-none-eabi/7.2.1/../../../../arm-none-eabi/lib/thumb/v6-m\libc_nano.a(lib_a-exit.o)
_fini                                             c:/users/dekoc/appdata/local/arduino15/packages/riot/tools/arm-none-eabi-gcc/7-2017q4/bin/../lib/gcc/arm-none-eabi/7.2.1/thumb/v6-m/crti.o
_global_impure_ptr                                c:/users/dekoc/appdata/local/arduino15/packages/riot/tools/arm-none-eabi-gcc/7-2017q4/bin/../lib/gcc/arm-none-eabi/7.2.1/../../../../arm-none-eabi/lib/thumb/v6-m\libc_nano.a(lib_a-impure.o)
                                                  c:/users/dekoc/appdata/local/arduino15/packages/riot/tools/arm-none-eabi-gcc/7-2017q4/bin/../lib/gcc/arm-none-eabi/7.2.1/../../../../arm-none-eabi/lib/thumb/v6-m\libc_nano.a(lib_a-exit.o)
_impure_ptr                                       c:/users/dekoc/appdata/local/arduino15/packages/riot/tools/arm-none-eabi-gcc/7-2017q4/bin/../lib/gcc/arm-none-eabi/7.2.1/../../../../arm-none-eabi/lib/thumb/v6-m\libc_nano.a(lib_a-impure.o)
_init                                             c:/users/dekoc/appdata/local/arduino15/packages/riot/tools/arm-none-eabi-gcc/7-2017q4/bin/../lib/gcc/arm-none-eabi/7.2.1/thumb/v6-m/crti.o
                                                  c:/users/dekoc/appdata/local/arduino15/packages/riot/tools/arm-none-eabi-gcc/7-2017q4/bin/../lib/gcc/arm-none-eabi/7.2.1/../../../../arm-none-eabi/lib/thumb/v6-m\libc_nano.a(lib_a-init.o)
_mainCRTStartup                                   c:/users/dekoc/appdata/local/arduino15/packages/riot/tools/arm-none-eabi-gcc/7-2017q4/bin/../lib/gcc/arm-none-eabi/7.2.1/../../../../arm-none-eabi/lib/thumb/v6-m/crt0.o
_start                                            c:/users/dekoc/appdata/local/arduino15/packages/riot/tools/arm-none-eabi-gcc/7-2017q4/bin/../lib/gcc/arm-none-eabi/7.2.1/../../../../arm-none-eabi/lib/thumb/v6-m/crt0.o
atexit                                            c:/users/dekoc/appdata/local/arduino15/packages/riot/tools/arm-none-eabi-gcc/7-2017q4/bin/../lib/gcc/arm-none-eabi/7.2.1/../../../../arm-none-eabi/lib/thumb/v6-m/crt0.o
b_sam_ba_interface_usart                          build/sam_ba_monitor.o
b_sharp_received                                  build/sam_ba_serial.o
b_terminal_mode                                   build/sam_ba_monitor.o
board_init                                        build/board_init.o
                                                  build/main.o
buffer_rx_usart                                   build/sam_ba_serial.o
buffer_tx_usart                                   build/sam_ba_serial.o
call_applet                                       build/sam_ba_monitor.o
cdc_getc                                          build/sam_ba_cdc.o
                                                  build/sam_ba_monitor.o
cdc_is_rx_ready                                   build/sam_ba_cdc.o
                                                  build/sam_ba_monitor.o
cdc_putc                                          build/sam_ba_cdc.o
                                                  build/sam_ba_monitor.o
cdc_read_buf                                      build/sam_ba_cdc.o
                                                  build/sam_ba_monitor.o
cdc_read_buf_xmd                                  build/sam_ba_cdc.o
                                                  build/sam_ba_monitor.o
cdc_write_buf                                     build/sam_ba_cdc.o
                                                  build/sam_ba_monitor.o
command                                           build/sam_ba_monitor.o
current_number                                    build/sam_ba_monitor.o
data                                              build/sam_ba_monitor.o
error_timeout                                     build/sam_ba_serial.o
exception_table                                   build/board_startup.o
exit                                              c:/users/dekoc/appdata/local/arduino15/packages/riot/tools/arm-none-eabi-gcc/7-2017q4/bin/../lib/gcc/arm-none-eabi/7.2.1/../../../../arm-none-eabi/lib/thumb/v6-m\libc_nano.a(lib_a-exit.o)
                                                  c:/users/dekoc/appdata/local/arduino15/packages/riot/tools/arm-none-eabi-gcc/7-2017q4/bin/../lib/gcc/arm-none-eabi/7.2.1/../../../../arm-none-eabi/lib/thumb/v6-m/crt0.o
g_interrupt_enabled                               build/board_init.o
hardware_init_hook                                c:/users/dekoc/appdata/local/arduino15/packages/riot/tools/arm-none-eabi-gcc/7-2017q4/bin/../lib/gcc/arm-none-eabi/7.2.1/../../../../arm-none-eabi/lib/thumb/v6-m/crt0.o
i                                                 build/sam_ba_monitor.o
idx_rx_read                                       build/sam_ba_serial.o
idx_rx_write                                      build/sam_ba_serial.o
idx_tx_read                                       build/sam_ba_serial.o
idx_tx_write                                      build/sam_ba_serial.o
j                                                 build/sam_ba_monitor.o
ledDirection                                      build/board_driver_led.o
ledKeepValue                                      build/board_driver_led.o
ledTargetValue                                    build/board_driver_led.o
ledTargetValueMin                                 build/board_driver_led.o
length                                            build/sam_ba_monitor.o
line_coding                                       build/sam_ba_cdc.o
                                                  build/sam_ba_usb.o
main                                              build/main.o
                                                  build/board_startup.o
                                                  c:/users/dekoc/appdata/local/arduino15/packages/riot/tools/arm-none-eabi-gcc/7-2017q4/bin/../lib/gcc/arm-none-eabi/7.2.1/../../../../arm-none-eabi/lib/thumb/v6-m/crt0.o
memcpy                                            c:/users/dekoc/appdata/local/arduino15/packages/riot/tools/arm-none-eabi-gcc/7-2017q4/bin/../lib/gcc/arm-none-eabi/7.2.1/../../../../arm-none-eabi/lib/thumb/v6-m\libc_nano.a(lib_a-memcpy-stub.o)
                                                  build/sam_ba_monitor.o
                                                  build/board_driver_usb.o
memset                                            c:/users/dekoc/appdata/local/arduino15/packages/riot/tools/arm-none-eabi-gcc/7-2017q4/bin/../lib/gcc/arm-none-eabi/7.2.1/../../../../arm-none-eabi/lib/thumb/v6-m\libc_nano.a(lib_a-memset.o)
                                                  build/board_driver_usb.o
                                                  c:/users/dekoc/appdata/local/arduino15/packages/riot/tools/arm-none-eabi-gcc/7-2017q4/bin/../lib/gcc/arm-none-eabi/7.2.1/../../../../arm-none-eabi/lib/thumb/v6-m/crt0.o
mode_of_transfer                                  build/sam_ba_serial.o
ptr                                               build/sam_ba_monitor.o
ptr_data                                          build/sam_ba_monitor.o
ptr_monitor_if                                    build/sam_ba_monitor.o
pulSketch_Start_Address                           build/main.o
rxLEDPulse                                        build/sam_ba_monitor.o
sam_ba_cdc                                        build/sam_ba_usb.o
                                                  build/sam_ba_cdc.o
sam_ba_monitor_init                               build/sam_ba_monitor.o
                                                  build/main.o
sam_ba_monitor_run                                build/sam_ba_monitor.o
                                                  build/main.o
sam_ba_monitor_sys_tick                           build/sam_ba_monitor.o
                                                  build/main.o
sam_ba_putdata_term                               build/sam_ba_monitor.o
sam_ba_usb_CDC_Enumerate                          build/sam_ba_usb.o
                                                  build/board_driver_usb.o
serial_add_crc                                    build/sam_ba_serial.o
                                                  build/sam_ba_monitor.o
serial_close                                      build/sam_ba_serial.o
serial_getc                                       build/sam_ba_serial.o
                                                  build/sam_ba_monitor.o
serial_getdata                                    build/sam_ba_serial.o
                                                  build/sam_ba_monitor.o
serial_getdata_xmd                                build/sam_ba_serial.o
                                                  build/sam_ba_monitor.o
serial_is_rx_ready                                build/sam_ba_serial.o
                                                  build/sam_ba_monitor.o
serial_open                                       build/sam_ba_serial.o
                                                  build/main.o
serial_putc                                       build/sam_ba_serial.o
                                                  build/sam_ba_monitor.o
serial_putdata                                    build/sam_ba_serial.o
                                                  build/sam_ba_monitor.o
serial_putdata_xmd                                build/sam_ba_serial.o
                                                  build/sam_ba_monitor.o
serial_readc                                      build/sam_ba_serial.o
serial_sharp_received                             build/sam_ba_serial.o
                                                  build/main.o
size_of_data                                      build/sam_ba_serial.o
software_init_hook                                c:/users/dekoc/appdata/local/arduino15/packages/riot/tools/arm-none-eabi-gcc/7-2017q4/bin/../lib/gcc/arm-none-eabi/7.2.1/../../../../arm-none-eabi/lib/thumb/v6-m/crt0.o
sp                                                build/sam_ba_monitor.o
strlen                                            c:/users/dekoc/appdata/local/arduino15/packages/riot/tools/arm-none-eabi-gcc/7-2017q4/bin/../lib/gcc/arm-none-eabi/7.2.1/../../../../arm-none-eabi/lib/thumb/v6-m\libc_nano.a(lib_a-strlen.o)
                                                  build/sam_ba_usb.o
txLEDPulse                                        build/sam_ba_monitor.o
u32tmp                                            build/sam_ba_monitor.o
uart_basic_init                                   build/board_driver_serial.o
                                                  build/sam_ba_serial.o
uart_disable                                      build/board_driver_serial.o
                                                  build/sam_ba_serial.o
uart_drv_error_flag                               build/board_driver_serial.o
uart_if                                           build/sam_ba_monitor.o
uart_read_buffer_polled                           build/board_driver_serial.o
uart_read_byte                                    build/board_driver_serial.o
                                                  build/sam_ba_serial.o
uart_write_buffer_polled                          build/board_driver_serial.o
uart_write_byte                                   build/board_driver_serial.o
                                                  build/sam_ba_serial.o
udd_ep_in_cache_buffer                            build/board_driver_usb.o
udd_ep_out_cache_buffer                           build/board_driver_usb.o
                                                  build/sam_ba_usb.o
usb_endpoint_table                                build/board_driver_usb.o
usb_init                                          build/sam_ba_usb.o
                                                  build/main.o
usbcdc_if                                         build/sam_ba_monitor.o
